08:30:11 egeo: building OpenIPGeo-City.mmdb
08:31:20 egeo: building OpenIPGeo-City-Lite.mmdb
08:31:42 egeo: full: OpenIPGeo-City.mmdb 176.9 MB, 7915241 ranges
08:31:42 egeo: lite: OpenIPGeo-City-Lite.mmdb 29.2 MB, 3338999 ranges
08:31:42 egeo: lite_gz: OpenIPGeo-City-Lite.mmdb.gz 16.2 MB, 3338999 ranges
08:31:42 egeo: lite ipv4: /24 blocks, 2719138 -> 2655113 ranges, 225939 blocks merged, 15268 split blocks kept, 0.30% of addresses moved
08:31:42 egeo: lite ipv6: /40 blocks, 3154169 -> 683886 ranges, 272404 blocks merged, 15952 split blocks kept, 0.00% of addresses moved
08:31:42 egeo: build done in 1m43s
	Command being timed: "go run ./cmd/egeo build -version 2026.10.10"
	User time (seconds): 140.89
	System time (seconds): 1.54
	Percent of CPU this job got: 137%
	Elapsed (wall clock) time (h:mm:ss or m:ss): 1:43.43
	Average shared text size (kbytes): 0
	Average unshared data size (kbytes): 0
	Average stack size (kbytes): 0
	Average total size (kbytes): 0
	Maximum resident set size (kbytes): 7124988
	Average resident set size (kbytes): 0
	Major (requiring I/O) page faults: 0
	Minor (reclaiming a frame) page faults: 134285
	Voluntary context switches: 33737
	Involuntary context switches: 9497
	Swaps: 0
	File system inputs: 0
	File system outputs: 683056
	Socket messages sent: 0
	Socket messages received: 0
	Signals delivered: 0
	Page size (bytes): 4096
	Exit status: 0
